fetchFromRepoOrCz {
  repo = "tinycc";
  rev = "release_0_9_27";
  hash = "sha256-5yRaB/gxk1Gm/rukAe0pm1PEl5NdieVFngp87jENtYo=";
}