fetchsvn {
  url = "svn://svn.mplayerhq.hu/mplayer/trunk";
  rev = "30000";
  sha256 = "sha256-gmiB9GR2VfzTzdIWe6kVCldaau6Cq0F9J0exFZChT1o=";
}