fetchFromGitLab {
  owner = "timvisee";
  repo = "ffsend";
  rev = "v0.2.0";
  hash = "sha256-0+ekty3dK3IVkFiNn3/NxOPJhkp3ZkTKaVC404t2Rac=";
}